one and two is the same? false
two and three is the same? true
one and two is not the same? true
Hello World!
true
